// Jest Snapshot v1, https://goo.gl/fbAQLP

exports[`SProgressBar Is Vue snapshot 1`] = `
<div
  class="s-progress-bar"
>
  <div
    class="s-progress-bar__above"
  />
   
  <div
    class="s-progress-bar__line"
  >
    <div
      class="s-progress-bar__progress"
      style="width: 25%;"
    />
  </div>
   
  <div
    class="s-progress-bar__under"
  />
</div>
`;
